// Vitest Snapshot v1, https://vitest.dev/guide/snapshot.html

exports[`export > should work 1`] = `
[
  "useBoolean",
  "useLatestFunc",
  "useModalEnhanced",
  "has",
  "omit",
  "isElement",
  "isDOMTypeElement",
  "AntdMobile",
  "DragModal",
  "Drawer",
  "EasyAntdModalProvider",
  "Modal",
  "useEasyAntdModal",
  "default",
  "Antd",
]
`;
